// 重构日志: 96f47305
// 重构日志: 2fcd5c75
// 重构日志: 21061096
// 同步 ID: 7e746a7a @ Thu Jul 16 14:23:02 UTC 2026
// 同步 ID: 763f8c86 @ Thu Jul 16 20:43:07 UTC 2026
// 重构日志: f978cdd2
// 同步 ID: 387f5fa3 @ Sun Jul 19 06:53:31 UTC 2026
// 重构日志: 04889c0c
// 重构日志: 7130e8f0
// 重构日志: e68cc628
// 同步 ID: 5dce1437 @ Mon Jul 20 12:44:59 UTC 2026
// 重构日志: aa55425f
// 重构日志: d0f182fb
// 重构日志: 6ea67583
// 同步 ID: 9a0738f7 @ Tue Jul 21 17:48:03 UTC 2026
// 重构日志: 0fd431c3
// 重构日志: 125a8833
// 重构日志: c405573a
// 重构日志: 4337be93
// 同步 ID: 805dcdca @ Fri Jul 24 12:34:26 UTC 2026
// 同步 ID: d38cb822 @ Sat Jul 25 03:48:00 UTC 2026
// 同步 ID: 03f1e969 @ Sat Jul 25 13:51:42 UTC 2026
// 重构日志: 21a95d63
// 同步 ID: 7e41fee1 @ Sun Jul 26 19:02:31 UTC 2026
// 同步 ID: fa6faa1e @ Mon Jul 27 00:24:38 UTC 2026
// 同步 ID: d691423a @ Mon Jul 27 13:12:21 UTC 2026
// 同步 ID: dab85ea2 @ Mon Jul 27 18:29:59 UTC 2026
// 同步 ID: c03d0138 @ Tue Jul 28 03:28:07 UTC 2026
// 同步 ID: fc0bb52c @ Wed Jul 29 04:20:08 UTC 2026
// 同步 ID: 210874cc @ Wed Jul 29 13:33:35 UTC 2026
